../Core/Src/main.c:138:5:main	8	static
../Core/Src/main.c:233:6:SystemClock_Config	88	static
../Core/Src/main.c:281:13:MX_ADC1_Init	24	static
../Core/Src/main.c:333:13:MX_TIM3_Init	48	static
../Core/Src/main.c:382:13:MX_TIM12_Init	40	static
../Core/Src/main.c:424:13:MX_USART2_UART_Init	8	static
../Core/Src/main.c:457:13:MX_GPIO_Init	48	static
../Core/Src/main.c:514:6:Stirrer_Servo_Move	16	static
../Core/Src/main.c:520:6:Stirrer_Motor_Set	16	static
../Core/Src/main.c:526:6:Stirrer_Cycle	8	static
../Core/Src/main.c:544:6:Dispenser_Motor_Set	16	static
../Core/Src/main.c:552:6:Dispenser_Run	16	static
../Core/Src/main.c:559:6:Pump_Motor_Set	16	static
../Core/Src/main.c:567:6:Pump_Run	16	static
../Core/Src/main.c:575:6:Stepper_Set_Pins	16	static
../Core/Src/main.c:582:6:Stepper_Take_Step	16	static
../Core/Src/main.c:594:6:Stepper_Rotate_Angle	24	static
../Core/Src/main.c:609:6:Stepper_Rotate_Continuous	16	static
../Core/Src/main.c:618:6:Tea_Servo_Move	16	static
../Core/Src/main.c:624:6:Tea_Dispense	8	static
../Core/Src/main.c:634:6:Kettle_Move	16	static
../Core/Src/main.c:642:7:Temp_Sensor_Read	56	static
../Core/Src/main.c:674:6:Error_Handler	4	static,ignoring_inline_asm
