../Core/Src/main.c:139:5:main	8	static
../Core/Src/main.c:245:6:SystemClock_Config	88	static
../Core/Src/main.c:293:13:MX_ADC1_Init	24	static
../Core/Src/main.c:345:13:MX_TIM2_Init	48	static
../Core/Src/main.c:394:13:MX_TIM12_Init	40	static
../Core/Src/main.c:440:13:MX_USART2_UART_Init	8	static
../Core/Src/main.c:473:13:MX_GPIO_Init	48	static
../Core/Src/main.c:530:6:Stirrer_Servo_Move	16	static
../Core/Src/main.c:536:6:Stirrer_Motor_Set	16	static
../Core/Src/main.c:544:6:Stirrer_Cycle	8	static
../Core/Src/main.c:561:6:Dispenser_Motor_Set	16	static
../Core/Src/main.c:570:6:Dispenser_Run	24	static
../Core/Src/main.c:588:6:Pump_Motor_Set	16	static
../Core/Src/main.c:596:6:Pump_Run	16	static
../Core/Src/main.c:606:6:setMotorPins	16	static
../Core/Src/main.c:613:6:takeSingleStep	16	static
../Core/Src/main.c:625:6:rotateToAngle	24	static
../Core/Src/main.c:640:6:rotateContinuous	16	static
../Core/Src/main.c:649:6:servo_kettle	16	static
../Core/Src/main.c:657:7:temp_sensor	56	static
../Core/Src/main.c:694:6:Set_Dispenser_Speed	24	static
../Core/Src/main.c:717:6:Error_Handler	4	static,ignoring_inline_asm
